2026-04-09T07:11:01.105Z  INFO 1 --- [logger] [main] com.lab7.logger.LoggerApplicationKt      : Starting LoggerApplicationKt v0.0.1-SNAPSHOT using Java 17.0.18 with PID 1 (/app/app.jar started by root in /app)
2026-04-09T07:11:01.117Z  INFO 1 --- [logger] [main] com.lab7.logger.LoggerApplicationKt      : No active profile set, falling back to 1 default profile: "default"
2026-04-09T07:11:02.624Z  INFO 1 --- [logger] [main] o.s.boot.tomcat.TomcatWebServer          : Tomcat initialized with port 8080 (http)
2026-04-09T07:11:02.642Z  INFO 1 --- [logger] [main] o.apache.catalina.core.StandardService   : Starting service [Tomcat]
2026-04-09T07:11:02.642Z  INFO 1 --- [logger] [main] o.apache.catalina.core.StandardEngine    : Starting Servlet engine: [Apache Tomcat/11.0.20]
2026-04-09T07:11:02.678Z  INFO 1 --- [logger] [main] b.w.c.s.WebApplicationContextInitializer : Root WebApplicationContext: initialization completed in 1455 ms
2026-04-09T07:11:04.073Z  INFO 1 --- [logger] [main] o.s.b.a.e.web.EndpointLinksResolver      : Exposing 1 endpoint beneath base path '/actuator'
2026-04-09T07:11:04.167Z  INFO 1 --- [logger] [main] o.s.boot.tomcat.TomcatWebServer          : Tomcat started on port 8080 (http) with context path '/'
2026-04-09T07:11:04.185Z  INFO 1 --- [logger] [main] com.lab7.logger.LoggerApplicationKt      : Started LoggerApplicationKt in 3.937 seconds (process running for 4.867)
2026-04-09T07:11:04.468Z  INFO 1 --- [logger] [http-nio-8080-exec-1] o.a.c.c.C.[Tomcat].[localhost].[/]       : Initializing Spring DispatcherServlet 'dispatcherServlet'
2026-04-09T07:11:04.469Z  INFO 1 --- [logger] [http-nio-8080-exec-1] o.s.web.servlet.DispatcherServlet        : Initializing Servlet 'dispatcherServlet'
2026-04-09T07:11:04.471Z  INFO 1 --- [logger] [http-nio-8080-exec-1] o.s.web.servlet.DispatcherServlet        : Completed initialization in 2 ms
2026-04-09T07:11:27.190Z  INFO 1 --- [logger] [http-nio-8080-exec-4] com.lab7.logger.LoggerController         : Received Log: Auction ended: No bids received.
2026-04-09T07:11:35.842Z  INFO 1 --- [logger] [http-nio-8080-exec-6] com.lab7.logger.LoggerController         : Received Log: [Bidder-f086] Bid sent. Waiting for the auctioneer to finish the round...
2026-04-09T07:11:36.341Z  INFO 1 --- [logger] [http-nio-8080-exec-7] com.lab7.logger.LoggerController         : Received Log: Received bid from Bidder-f086: $25
2026-04-09T07:11:36.481Z  INFO 1 --- [logger] [http-nio-8080-exec-8] com.lab7.logger.LoggerController         : Received Log: [Bidder-7519] Bid sent. Waiting for the auctioneer to finish the round...
2026-04-09T07:11:36.629Z  INFO 1 --- [logger] [http-nio-8080-exec-9] com.lab7.logger.LoggerController         : Received Log: Received bid from Bidder-7519: $24
2026-04-09T07:11:37.818Z  INFO 1 --- [logger] [http-nio-8080-exec-10] com.lab7.logger.LoggerController         : Received Log: [Bidder-4682] Bid sent. Waiting for the auctioneer to finish the round...
2026-04-09T07:11:37.843Z  INFO 1 --- [logger] [http-nio-8080-exec-1] com.lab7.logger.LoggerController         : Received Log: Received bid from Bidder-4682: $100
2026-04-09T07:11:38.432Z  INFO 1 --- [logger] [http-nio-8080-exec-2] com.lab7.logger.LoggerController         : Received Log: [Bidder-26c6] Bid sent. Waiting for the auctioneer to finish the round...
2026-04-09T07:11:38.448Z  INFO 1 --- [logger] [http-nio-8080-exec-3] com.lab7.logger.LoggerController         : Received Log: Received bid from Bidder-26c6: $20
2026-04-09T07:11:38.969Z  INFO 1 --- [logger] [http-nio-8080-exec-4] com.lab7.logger.LoggerController         : Received Log: [Bidder-85e1] Bid sent. Waiting for the auctioneer to finish the round...
2026-04-09T07:11:39.005Z  INFO 1 --- [logger] [http-nio-8080-exec-5] com.lab7.logger.LoggerController         : Received Log: Auction ended: Winner is Bidder-4682 with $100!
2026-04-09T07:11:39.029Z  INFO 1 --- [logger] [http-nio-8080-exec-6] com.lab7.logger.LoggerController         : Received Log: Received bid from Bidder-85e1: $76
2026-04-09T07:11:39.077Z  INFO 1 --- [logger] [http-nio-8080-exec-7] com.lab7.logger.LoggerController         : Received Log: [Bidder-4682] AUCTION FINISHED! Result: Auction ended: Winner is Bidder-4682 with $100!
2026-04-09T07:11:39.097Z  INFO 1 --- [logger] [http-nio-8080-exec-8] com.lab7.logger.LoggerController         : Received Log: [Bidder-26c6] AUCTION FINISHED! Result: Auction ended: Winner is Bidder-4682 with $100!
2026-04-09T07:11:39.098Z  INFO 1 --- [logger] [http-nio-8080-exec-10] com.lab7.logger.LoggerController         : Received Log: [Bidder-f086] AUCTION FINISHED! Result: Auction ended: Winner is Bidder-4682 with $100!
2026-04-09T07:11:39.102Z  INFO 1 --- [logger] [http-nio-8080-exec-9] com.lab7.logger.LoggerController         : Received Log: [Bidder-7519] AUCTION FINISHED! Result: Auction ended: Winner is Bidder-4682 with $100!
2026-04-09T07:11:39.327Z  INFO 1 --- [logger] [http-nio-8080-exec-1] com.lab7.logger.LoggerController         : Received Log: [Bidder-449e] Bid sent. Waiting for the auctioneer to finish the round...
2026-04-09T07:11:39.402Z  INFO 1 --- [logger] [http-nio-8080-exec-2] com.lab7.logger.LoggerController         : Received Log: Received bid from Bidder-449e: $100
2026-04-09T07:11:39.599Z  INFO 1 --- [logger] [http-nio-8080-exec-3] com.lab7.logger.LoggerController         : Received Log: [Bidder-d0a8] Bid sent. Waiting for the auctioneer to finish the round...
2026-04-09T07:11:39.603Z  INFO 1 --- [logger] [http-nio-8080-exec-4] com.lab7.logger.LoggerController         : Received Log: Received bid from Bidder-d0a8: $44
2026-04-09T07:11:39.845Z  INFO 1 --- [logger] [http-nio-8080-exec-5] com.lab7.logger.LoggerController         : Received Log: [Bidder-1bcc] Bid sent. Waiting for the auctioneer to finish the round...
2026-04-09T07:11:39.864Z  INFO 1 --- [logger] [http-nio-8080-exec-6] com.lab7.logger.LoggerController         : Received Log: Received bid from Bidder-1bcc: $32
2026-04-09T07:11:40.065Z  INFO 1 --- [logger] [http-nio-8080-exec-7] com.lab7.logger.LoggerController         : Received Log: [Bidder-0619] Bid sent. Waiting for the auctioneer to finish the round...
2026-04-09T07:11:40.071Z  INFO 1 --- [logger] [http-nio-8080-exec-8] com.lab7.logger.LoggerController         : Received Log: Received bid from Bidder-0619: $50
2026-04-09T07:11:40.244Z  INFO 1 --- [logger] [http-nio-8080-exec-10] com.lab7.logger.LoggerController         : Received Log: [Bidder-036a] Bid sent. Waiting for the auctioneer to finish the round...
2026-04-09T07:11:40.249Z  INFO 1 --- [logger] [http-nio-8080-exec-9] com.lab7.logger.LoggerController         : Received Log: Received bid from Bidder-036a: $93
2026-04-09T07:11:54.003Z  INFO 1 --- [logger] [http-nio-8080-exec-2] com.lab7.logger.LoggerController         : Received Log: Auction ended: Winner is Bidder-449e with $100!
2026-04-09T07:11:54.033Z  INFO 1 --- [logger] [http-nio-8080-exec-5] com.lab7.logger.LoggerController         : Received Log: [Bidder-036a] AUCTION FINISHED! Result: Auction ended: Winner is Bidder-449e with $100!
2026-04-09T07:11:54.033Z  INFO 1 --- [logger] [http-nio-8080-exec-4] com.lab7.logger.LoggerController         : Received Log: [Bidder-d0a8] AUCTION FINISHED! Result: Auction ended: Winner is Bidder-449e with $100!
2026-04-09T07:11:54.035Z  INFO 1 --- [logger] [http-nio-8080-exec-3] com.lab7.logger.LoggerController         : Received Log: [Bidder-449e] AUCTION FINISHED! Result: Auction ended: Winner is Bidder-449e with $100!
2026-04-09T07:11:54.036Z  INFO 1 --- [logger] [http-nio-8080-exec-6] com.lab7.logger.LoggerController         : Received Log: [Bidder-1bcc] AUCTION FINISHED! Result: Auction ended: Winner is Bidder-449e with $100!
2026-04-09T07:11:54.037Z  INFO 1 --- [logger] [http-nio-8080-exec-7] com.lab7.logger.LoggerController         : Received Log: [Bidder-0619] AUCTION FINISHED! Result: Auction ended: Winner is Bidder-449e with $100!
2026-04-09T07:11:54.045Z  INFO 1 --- [logger] [http-nio-8080-exec-8] com.lab7.logger.LoggerController         : Received Log: [Bidder-85e1] AUCTION FINISHED! Result: Auction ended: Winner is Bidder-449e with $100!
2026-04-09T07:12:09.001Z  INFO 1 --- [logger] [http-nio-8080-exec-1] com.lab7.logger.LoggerController         : Received Log: Auction ended: No bids received.
2026-04-09T07:12:24.004Z  INFO 1 --- [logger] [http-nio-8080-exec-5] com.lab7.logger.LoggerController         : Received Log: Auction ended: No bids received.
2026-04-09T07:12:39.002Z  INFO 1 --- [logger] [http-nio-8080-exec-3] com.lab7.logger.LoggerController         : Received Log: Auction ended: No bids received.
2026-04-09T07:12:54.001Z  INFO 1 --- [logger] [http-nio-8080-exec-2] com.lab7.logger.LoggerController         : Received Log: Auction ended: No bids received.
2026-04-09T07:13:09.001Z  INFO 1 --- [logger] [http-nio-8080-exec-1] com.lab7.logger.LoggerController         : Received Log: Auction ended: No bids received.
2026-04-09T07:13:24.001Z  INFO 1 --- [logger] [http-nio-8080-exec-7] com.lab7.logger.LoggerController         : Received Log: Auction ended: No bids received.
2026-04-09T07:13:30.112Z  INFO 1 --- [logger] [SpringApplicationShutdownHook] o.s.boot.tomcat.GracefulShutdown         : Commencing graceful shutdown. Waiting for active requests to complete
2026-04-09T07:13:30.117Z  INFO 1 --- [logger] [tomcat-shutdown] o.s.boot.tomcat.GracefulShutdown         : Graceful shutdown complete
